Importer Log Report
Document: D:\AltiumProjects\keyswitches.pretty-2.1
    Section : Analyze Document from - D:\AltiumProjects\keyswitches.pretty-2.1
        Warning: Pad name is empty, autogenerated name 'Un1' assigned to pad pad.
        Warning: Pad name is empty, autogenerated name 'Un2' assigned to pad pad.
        Warning: Pad name is empty, autogenerated name 'Un3' assigned to pad pad.
        Warning: Pad name is empty, autogenerated name 'Un4' assigned to pad pad.
        Warning: Pad name is empty, autogenerated name 'Un5' assigned to pad pad.
        Warning: Pad name is empty, autogenerated name 'Un1' assigned to pad pad.
        Warning: Pad name is empty, autogenerated name 'Un2' assigned to pad pad.
        Warning: Pad name is empty, autogenerated name 'Un3' assigned to pad pad.
        Warning: Pad name is empty, autogenerated name 'Un4' assigned to pad pad.
        Warning: Pad name is empty, autogenerated name 'Un5' assigned to pad pad.
        Warning: Pad name is empty, autogenerated name 'Un1' assigned to pad pad.
        Warning: Pad name is empty, autogenerated name 'Un2' assigned to pad pad.
        Warning: Pad name is empty, autogenerated name 'Un3' assigned to pad pad.
        Warning: Pad name is empty, autogenerated name 'Un1' assigned to pad pad.
        Warning: Pad name is empty, autogenerated name 'Un2' assigned to pad pad.
        Warning: Pad name is empty, autogenerated name 'Un3' assigned to pad pad.
        Warning: Pad name is empty, autogenerated name 'Un4' assigned to pad pad.
        Warning: Pad name is empty, autogenerated name 'Un5' assigned to pad pad.
        Warning: Pad name is empty, autogenerated name 'Un6' assigned to pad pad.
        Warning: Pad name is empty, autogenerated name 'Un7' assigned to pad pad.
        Warning: Pad name is empty, autogenerated name 'Un1' assigned to pad pad.
        Warning: Pad name is empty, autogenerated name 'Un2' assigned to pad pad.
        Warning: Pad name is empty, autogenerated name 'Un3' assigned to pad pad.
        Warning: Pad name is empty, autogenerated name 'Un4' assigned to pad pad.
        Warning: Pad name is empty, autogenerated name 'Un5' assigned to pad pad.
        Warning: Pad name is empty, autogenerated name 'Un1' assigned to pad pad.
        Warning: Pad name is empty, autogenerated name 'Un2' assigned to pad pad.
        Warning: Pad name is empty, autogenerated name 'Un3' assigned to pad pad.
        Warning: Pad name is empty, autogenerated name 'Un1' assigned to pad pad.
        Warning: Pad name is empty, autogenerated name 'Un2' assigned to pad pad.
        Warning: Pad name is empty, autogenerated name 'Un3' assigned to pad pad.
        Warning: Pad name is empty, autogenerated name 'Un4' assigned to pad pad.
        Warning: Pad name is empty, autogenerated name 'Un5' assigned to pad pad.
        Warning: Pad name is empty, autogenerated name 'Un6' assigned to pad pad.
        Warning: Pad name is empty, autogenerated name 'Un7' assigned to pad pad.
        Warning: Pad name is empty, autogenerated name 'Un1' assigned to pad pad.
        Warning: Pad name is empty, autogenerated name 'Un2' assigned to pad pad.
        Warning: Pad name is empty, autogenerated name 'Un3' assigned to pad pad.
        Warning: Pad name is empty, autogenerated name 'Un4' assigned to pad pad.
        Warning: Pad name is empty, autogenerated name 'Un5' assigned to pad pad.
        Warning: Pad name is empty, autogenerated name 'Un1' assigned to pad pad.
        Warning: Pad name is empty, autogenerated name 'Un2' assigned to pad pad.
        Warning: Pad name is empty, autogenerated name 'Un3' assigned to pad pad.
        Warning: Pad name is empty, autogenerated name 'Un4' assigned to pad pad.
        Warning: Pad name is empty, autogenerated name 'Un5' assigned to pad pad.
        Warning: Pad name is empty, autogenerated name 'Un6' assigned to pad pad.
        Warning: Pad name is empty, autogenerated name 'Un1' assigned to pad pad.
        Warning: Pad name is empty, autogenerated name 'Un2' assigned to pad pad.
        Warning: Pad name is empty, autogenerated name 'Un3' assigned to pad pad.
        Warning: Pad name is empty, autogenerated name 'Un4' assigned to pad pad.
        Warning: Pad name is empty, autogenerated name 'Un5' assigned to pad pad.
        Warning: Pad name is empty, autogenerated name 'Un1' assigned to pad pad.
        Warning: Pad name is empty, autogenerated name 'Un2' assigned to pad pad.
        Warning: Pad name is empty, autogenerated name 'Un3' assigned to pad pad.
        Warning: Pad name is empty, autogenerated name 'Un4' assigned to pad pad.
        Warning: Pad name is empty, autogenerated name 'Un5' assigned to pad pad.
        Warning: Pad name is empty, autogenerated name 'Un6' assigned to pad pad.
        Warning: Pad name is empty, autogenerated name 'Un1' assigned to pad pad.
        Warning: Pad name is empty, autogenerated name 'Un2' assigned to pad pad.
        Warning: Pad name is empty, autogenerated name 'Un3' assigned to pad pad.
        Warning: Pad name is empty, autogenerated name 'Un4' assigned to pad pad.
        Warning: Pad name is empty, autogenerated name 'Un5' assigned to pad pad.
        Warning: Pad name is empty, autogenerated name 'Un6' assigned to pad pad.
        Warning: Pad name is empty, autogenerated name 'Un7' assigned to pad pad.
        Warning: Pad name is empty, autogenerated name 'Un8' assigned to pad pad.
        Warning: Pad name is empty, autogenerated name 'Un1' assigned to pad pad.
        Warning: Pad name is empty, autogenerated name 'Un2' assigned to pad pad.
        Warning: Pad name is empty, autogenerated name 'Un3' assigned to pad pad.
        Warning: Pad name is empty, autogenerated name 'Un4' assigned to pad pad.
        Warning: Pad name is empty, autogenerated name 'Un1' assigned to pad pad.
        Warning: Pad name is empty, autogenerated name 'Un2' assigned to pad pad.
        Warning: Pad name is empty, autogenerated name 'Un3' assigned to pad pad.
        Warning: Pad name is empty, autogenerated name 'Un1' assigned to pad pad.
        Warning: Pad name is empty, autogenerated name 'Un2' assigned to pad pad.
        Warning: Pad name is empty, autogenerated name 'Un3' assigned to pad pad.
        Warning: Pad name is empty, autogenerated name 'Un1' assigned to pad pad.
        Warning: Pad name is empty, autogenerated name 'Un1' assigned to pad pad.
        Warning: Pad name is empty, autogenerated name 'Un2' assigned to pad pad.
        Warning: Pad name is empty, autogenerated name 'Un3' assigned to pad pad.
        Warning: Pad name is empty, autogenerated name 'Un4' assigned to pad pad.
        Warning: Pad name is empty, autogenerated name 'Un1' assigned to pad pad.
        Warning: Pad name is empty, autogenerated name 'Un2' assigned to pad pad.
        Warning: Pad name is empty, autogenerated name 'Un3' assigned to pad pad.
        Warning: Pad name is empty, autogenerated name 'Un4' assigned to pad pad.
        Warning: Pad name is empty, autogenerated name 'Un5' assigned to pad pad.
        Warning: Pad name is empty, autogenerated name 'Un1' assigned to pad pad.
        Warning: Pad name is empty, autogenerated name 'Un2' assigned to pad pad.
        Warning: Pad name is empty, autogenerated name 'Un3' assigned to pad pad.
        Warning: Pad name is empty, autogenerated name 'Un4' assigned to pad pad.
        Warning: Pad name is empty, autogenerated name 'Un5' assigned to pad pad.
        Warning: Pad name is empty, autogenerated name 'Un6' assigned to pad pad.
        Warning: Pad name is empty, autogenerated name 'Un7' assigned to pad pad.
    EndSection
    Section : Import Document - D:\AltiumProjects\keyswitches.pretty-2.1-alt\Imported Kailh_socket_MX\keyswitches.pretty-2.PcbLib
        Event: Component REF** was successfully imported.
        Event: Component REF** was successfully imported.
        Event: Component REF** was successfully imported.
        Event: Component REF** was successfully imported.
        Event: Component REF** was successfully imported.
        Event: Component REF** was successfully imported.
        Event: Component REF** was successfully imported.
        Event: Component REF** was successfully imported.
        Event: Component REF** was successfully imported.
        Event: Component REF** was successfully imported.
        Event: Component REF** was successfully imported.
        Event: Component REF** was successfully imported.
        Event: Component REF** was successfully imported.
        Event: Component REF** was successfully imported.
        Event: Component REF** was successfully imported.
        Event: Component REF** was successfully imported.
        Event: Component REF** was successfully imported.
        Event: Component REF** was successfully imported.
        Event: Component REF** was successfully imported.
        Section : Component REF** importing.
            Event: Line with 2 vertices was successfully imported.
            Event: Line with 2 vertices was successfully imported.
            Event: Line with 2 vertices was successfully imported.
            Event: Line with 2 vertices was successfully imported.
            Event: Line with 2 vertices was successfully imported.
            Event: Line with 2 vertices was successfully imported.
            Event: Line with 2 vertices was successfully imported.
            Event: Line with 2 vertices was successfully imported.
            Event: Line with 2 vertices was successfully imported.
            Event: Line with 2 vertices was successfully imported.
            Event: Line with 2 vertices was successfully imported.
            Event: Line with 2 vertices was successfully imported.
            Event: Line with 2 vertices was successfully imported.
            Event: Line with 2 vertices was successfully imported.
            Event: Line with 2 vertices was successfully imported.
            Event: Line with 2 vertices was successfully imported.
            Event: Line with 1 vertices was successfully imported.
            Event: Line with 2 vertices was successfully imported.
            Event: Line with 1 vertices was successfully imported.
            Event: Line with 2 vertices was successfully imported.
            Event: Line with 2 vertices was successfully imported.
            Event: Line with 2 vertices was successfully imported.
            Event: Line with 2 vertices was successfully imported.
            Event: Line with 2 vertices was successfully imported.
            Event: Line with 2 vertices was successfully imported.
            Event: Line with 2 vertices was successfully imported.
            Event: Line with 1 vertices was successfully imported.
            Event: Line with 1 vertices was successfully imported.
            Event: Line with 2 vertices was successfully imported.
            Event: Line with 2 vertices was successfully imported.
            Event: Line with 2 vertices was successfully imported.
            Event: Line with 2 vertices was successfully imported.
            Event: Line with 2 vertices was successfully imported.
            Event: Line with 2 vertices was successfully imported.
            Event: Line with 2 vertices was successfully imported.
            Event: Line with 2 vertices was successfully imported.
            Event: Line with 2 vertices was successfully imported.
            Event: Line with 2 vertices was successfully imported.
            Event: Line with 2 vertices was successfully imported.
            Event: Text 'user %R' was successfully imported.
            Event: Text 'user %V' was successfully imported.
            Event: Pad 1 on [6,29,5,08] was successfully imported.
            Event: Pad Un1 on [2,54,5,08] was successfully imported.
            Event: Pad Un2 on [-3,81,2,54] was successfully imported.
            Event: Pad Un3 on [0,-0] was successfully imported.
            Event: Pad Un4 on [5,08,-0] was successfully imported.
            Event: Pad Un5 on [-5,08,-0] was successfully imported.
            Event: Pad 2 on [-7,56,2,54] was successfully imported.
        EndSection
        Section : Component REF** importing.
            Event: Line with 2 vertices was successfully imported.
            Event: Line with 2 vertices was successfully imported.
            Event: Line with 2 vertices was successfully imported.
            Event: Line with 2 vertices was successfully imported.
            Event: Line with 2 vertices was successfully imported.
            Event: Line with 2 vertices was successfully imported.
            Event: Line with 2 vertices was successfully imported.
            Event: Line with 2 vertices was successfully imported.
            Event: Line with 2 vertices was successfully imported.
            Event: Line with 2 vertices was successfully imported.
            Event: Line with 2 vertices was successfully imported.
            Event: Line with 2 vertices was successfully imported.
            Event: Line with 2 vertices was successfully imported.
            Event: Line with 2 vertices was successfully imported.
            Event: Line with 2 vertices was successfully imported.
            Event: Line with 2 vertices was successfully imported.
            Event: Line with 1 vertices was successfully imported.
            Event: Line with 1 vertices was successfully imported.
            Event: Line with 2 vertices was successfully imported.
            Event: Line with 2 vertices was successfully imported.
            Event: Line with 2 vertices was successfully imported.
            Event: Line with 2 vertices was successfully imported.
            Event: Line with 2 vertices was successfully imported.
            Event: Line with 2 vertices was successfully imported.
            Event: Line with 2 vertices was successfully imported.
            Event: Line with 2 vertices was successfully imported.
            Event: Text 'user %R' was successfully imported.
            Event: Text 'user %R' was successfully imported.
            Event: Text 'user %R' was successfully imported.
            Event: Line with 1 vertices was successfully imported.
            Event: Line with 1 vertices was successfully imported.
            Event: Line with 2 vertices was successfully imported.
            Event: Line with 2 vertices was successfully imported.
            Event: Line with 2 vertices was successfully imported.
            Event: Line with 2 vertices was successfully imported.
            Event: Line with 2 vertices was successfully imported.
            Event: Line with 2 vertices was successfully imported.
            Event: Line with 2 vertices was successfully imported.
            Event: Line with 2 vertices was successfully imported.
            Event: Line with 2 vertices was successfully imported.
            Event: Line with 2 vertices was successfully imported.
            Event: Line with 2 vertices was successfully imported.
            Event: Text 'user %V' was successfully imported.
            Event: Pad 1 on [-6,29,-5,08] was successfully imported.
            Event: Pad Un1 on [-2,54,-5,08] was successfully imported.
            Event: Pad Un2 on [3,81,-2,54] was successfully imported.
            Event: Pad 1 on [2,54,5,08] was successfully imported.
            Event: Pad Un3 on [0,-0] was successfully imported.
            Event: Pad 2 on [-3,81,2,54] was successfully imported.
            Event: Pad Un4 on [5,08,-0] was successfully imported.
            Event: Pad Un5 on [-5,08,-0] was successfully imported.
            Event: Pad 2 on [7,56,-2,54] was successfully imported.
        EndSection
        Section : Component REF** importing.
            Event: Line with 2 vertices was successfully imported.
            Event: Line with 2 vertices was successfully imported.
            Event: Line with 2 vertices was successfully imported.
            Event: Line with 2 vertices was successfully imported.
            Event: Line with 2 vertices was successfully imported.
            Event: Line with 2 vertices was successfully imported.
            Event: Line with 2 vertices was successfully imported.
            Event: Line with 2 vertices was successfully imported.
            Event: Line with 2 vertices was successfully imported.
            Event: Line with 2 vertices was successfully imported.
            Event: Line with 2 vertices was successfully imported.
            Event: Line with 2 vertices was successfully imported.
            Event: Line with 2 vertices was successfully imported.
            Event: Line with 2 vertices was successfully imported.
            Event: Line with 2 vertices was successfully imported.
            Event: Line with 2 vertices was successfully imported.
            Event: Line with 1 vertices was successfully imported.
            Event: Line with 1 vertices was successfully imported.
            Event: Line with 2 vertices was successfully imported.
            Event: Line with 2 vertices was successfully imported.
            Event: Line with 2 vertices was successfully imported.
            Event: Line with 2 vertices was successfully imported.
            Event: Line with 2 vertices was successfully imported.
            Event: Line with 2 vertices was successfully imported.
            Event: Line with 2 vertices was successfully imported.
            Event: Text 'user %R' was successfully imported.
            Event: Text 'user %R' was successfully imported.
            Event: Text 'user %R' was successfully imported.
            Event: Line with 1 vertices was successfully imported.
            Event: Line with 1 vertices was successfully imported.
            Event: Line with 2 vertices was successfully imported.
            Event: Line with 2 vertices was successfully imported.
            Event: Line with 2 vertices was successfully imported.
            Event: Line with 2 vertices was successfully imported.
            Event: Line with 2 vertices was successfully imported.
            Event: Line with 2 vertices was successfully imported.
            Event: Line with 2 vertices was successfully imported.
            Event: Line with 2 vertices was successfully imported.
            Event: Line with 2 vertices was successfully imported.
            Event: Line with 2 vertices was successfully imported.
            Event: Line with 2 vertices was successfully imported.
            Event: Text 'user %V' was successfully imported.
            Event: Pad 1 on [-6,29,-5,08] was successfully imported.
            Event: Pad Un1 on [-2,54,-5,08] was successfully imported.
            Event: Pad Un2 on [3,81,-2,54] was successfully imported.
            Event: Pad 1 on [2,54,5,08] was successfully imported.
            Event: Pad Un3 on [0,-0] was successfully imported.
            Event: Pad 2 on [-3,81,2,54] was successfully imported.
            Event: Pad 2 on [7,56,-2,54] was successfully imported.
        EndSection
        Section : Component REF** importing.
            Event: Line with 2 vertices was successfully imported.
            Event: Line with 2 vertices was successfully imported.
            Event: Line with 2 vertices was successfully imported.
            Event: Line with 2 vertices was successfully imported.
            Event: Line with 2 vertices was successfully imported.
            Event: Line with 2 vertices was successfully imported.
            Event: Line with 2 vertices was successfully imported.
            Event: Line with 2 vertices was successfully imported.
            Event: Line with 2 vertices was successfully imported.
            Event: Line with 2 vertices was successfully imported.
            Event: Line with 2 vertices was successfully imported.
            Event: Line with 2 vertices was successfully imported.
            Event: Line with 2 vertices was successfully imported.
            Event: Line with 2 vertices was successfully imported.
            Event: Line with 2 vertices was successfully imported.
            Event: Line with 2 vertices was successfully imported.
            Event: Line with 2 vertices was successfully imported.
            Event: Line with 2 vertices was successfully imported.
            Event: Line with 2 vertices was successfully imported.
            Event: Line with 2 vertices was successfully imported.
            Event: Line with 2 vertices was successfully imported.
            Event: Line with 2 vertices was successfully imported.
            Event: Line with 2 vertices was successfully imported.
            Event: Line with 2 vertices was successfully imported.
            Event: Line with 1 vertices was successfully imported.
            Event: Line with 1 vertices was successfully imported.
            Event: Line with 2 vertices was successfully imported.
            Event: Line with 2 vertices was successfully imported.
            Event: Line with 2 vertices was successfully imported.
            Event: Line with 2 vertices was successfully imported.
            Event: Line with 2 vertices was successfully imported.
            Event: Line with 2 vertices was successfully imported.
            Event: Line with 2 vertices was successfully imported.
            Event: Line with 2 vertices was successfully imported.
            Event: Line with 1 vertices was successfully imported.
            Event: Line with 1 vertices was successfully imported.
            Event: Line with 2 vertices was successfully imported.
            Event: Line with 2 vertices was successfully imported.
            Event: Line with 2 vertices was successfully imported.
            Event: Line with 2 vertices was successfully imported.
            Event: Line with 2 vertices was successfully imported.
            Event: Line with 2 vertices was successfully imported.
            Event: Line with 2 vertices was successfully imported.
            Event: Line with 2 vertices was successfully imported.
            Event: Line with 2 vertices was successfully imported.
            Event: Line with 2 vertices was successfully imported.
            Event: Line with 2 vertices was successfully imported.
            Event: Line with 2 vertices was successfully imported.
            Event: Text 'user %R' was successfully imported.
            Event: Text 'user %R' was successfully imported.
            Event: Text 'user %R' was successfully imported.
            Event: Text 'user %V' was successfully imported.
            Event: Line with 1 vertices was successfully imported.
            Event: Line with 1 vertices was successfully imported.
            Event: Line with 2 vertices was successfully imported.
            Event: Line with 2 vertices was successfully imported.
            Event: Line with 2 vertices was successfully imported.
            Event: Line with 2 vertices was successfully imported.
            Event: Line with 2 vertices was successfully imported.
            Event: Line with 2 vertices was successfully imported.
            Event: Line with 2 vertices was successfully imported.
            Event: Line with 2 vertices was successfully imported.
            Event: Line with 2 vertices was successfully imported.
            Event: Line with 2 vertices was successfully imported.
            Event: Line with 2 vertices was successfully imported.
            Event: Line with 1 vertices was successfully imported.
            Event: Line with 1 vertices was successfully imported.
            Event: Line with 2 vertices was successfully imported.
            Event: Line with 2 vertices was successfully imported.
            Event: Line with 2 vertices was successfully imported.
            Event: Line with 2 vertices was successfully imported.
            Event: Line with 2 vertices was successfully imported.
            Event: Line with 2 vertices was successfully imported.
            Event: Line with 2 vertices was successfully imported.
            Event: Line with 2 vertices was successfully imported.
            Event: Line with 2 vertices was successfully imported.
            Event: Line with 2 vertices was successfully imported.
            Event: Line with 2 vertices was successfully imported.
            Event: Pad 1 on [-6,29,-5,08] was successfully imported.
            Event: Pad 2 on [7,56,-2,54] was successfully imported.
            Event: Pad Un1 on [-2,54,5,08] was successfully imported.
            Event: Pad Un2 on [3,81,2,54] was successfully imported.
            Event: Pad 2 on [2,54,-5,08] was successfully imported.
            Event: Pad 1 on [-3,81,-2,54] was successfully imported.
            Event: Pad 1 on [-6,29,5,08] was successfully imported.
            Event: Pad Un3 on [-2,54,-5,08] was successfully imported.
            Event: Pad Un4 on [3,81,-2,54] was successfully imported.
            Event: Pad 2 on [2,54,5,08] was successfully imported.
            Event: Pad Un5 on [0,-0] was successfully imported.
            Event: Pad 1 on [-3,81,2,54] was successfully imported.
            Event: Pad Un6 on [5,08,-0] was successfully imported.
            Event: Pad Un7 on [-5,08,-0] was successfully imported.
            Event: Pad 2 on [7,56,2,54] was successfully imported.
        EndSection
        Section : Component REF** importing.
            Event: Line with 2 vertices was successfully imported.
            Event: Line with 2 vertices was successfully imported.
            Event: Line with 2 vertices was successfully imported.
            Event: Line with 2 vertices was successfully imported.
            Event: Line with 2 vertices was successfully imported.
            Event: Line with 2 vertices was successfully imported.
            Event: Line with 2 vertices was successfully imported.
            Event: Line with 2 vertices was successfully imported.
            Event: Line with 2 vertices was successfully imported.
            Event: Line with 2 vertices was successfully imported.
            Event: Line with 2 vertices was successfully imported.
            Event: Line with 2 vertices was successfully imported.
            Event: Line with 2 vertices was successfully imported.
            Event: Line with 2 vertices was successfully imported.
            Event: Line with 2 vertices was successfully imported.
            Event: Line with 2 vertices was successfully imported.
            Event: Line with 2 vertices was successfully imported.
            Event: Line with 2 vertices was successfully imported.
            Event: Line with 2 vertices was successfully imported.
            Event: Line with 2 vertices was successfully imported.
            Event: Line with 2 vertices was successfully imported.
            Event: Line with 2 vertices was successfully imported.
            Event: Line with 2 vertices was successfully imported.
            Event: Line with 2 vertices was successfully imported.
            Event: Line with 1 vertices was successfully imported.
            Event: Line with 1 vertices was successfully imported.
            Event: Line with 2 vertices was successfully imported.
            Event: Line with 2 vertices was successfully imported.
            Event: Line with 2 vertices was successfully imported.
            Event: Line with 2 vertices was successfully imported.
            Event: Line with 2 vertices was successfully imported.
            Event: Line with 2 vertices was successfully imported.
            Event: Line with 2 vertices was successfully imported.
            Event: Line with 2 vertices was successfully imported.
            Event: Line with 1 vertices was successfully imported.
            Event: Line with 1 vertices was successfully imported.
            Event: Line with 2 vertices was successfully imported.
            Event: Line with 2 vertices was successfully imported.
            Event: Line with 2 vertices was successfully imported.
            Event: Line with 2 vertices was successfully imported.
            Event: Line with 2 vertices was successfully imported.
            Event: Line with 2 vertices was successfully imported.
            Event: Line with 2 vertices was successfully imported.
            Event: Line with 2 vertices was successfully imported.
            Event: Line with 2 vertices was successfully imported.
            Event: Line with 2 vertices was successfully imported.
            Event: Line with 2 vertices was successfully imported.
            Event: Line with 2 vertices was successfully imported.
            Event: Text 'user %R' was successfully imported.
            Event: Text 'user %R' was successfully imported.
            Event: Text 'user %R' was successfully imported.
            Event: Text 'user %V' was successfully imported.
            Event: Line with 1 vertices was successfully imported.
            Event: Line with 1 vertices was successfully imported.
            Event: Line with 2 vertices was successfully imported.
            Event: Line with 2 vertices was successfully imported.
            Event: Line with 2 vertices was successfully imported.
            Event: Line with 2 vertices was successfully imported.
            Event: Line with 2 vertices was successfully imported.
            Event: Line with 2 vertices was successfully imported.
            Event: Line with 2 vertices was successfully imported.
            Event: Line with 2 vertices was successfully imported.
            Event: Line with 2 vertices was successfully imported.
            Event: Line with 2 vertices was successfully imported.
            Event: Line with 2 vertices was successfully imported.
            Event: Line with 1 vertices was successfully imported.
            Event: Line with 1 vertices was successfully imported.
            Event: Line with 2 vertices was successfully imported.
            Event: Line with 2 vertices was successfully imported.
            Event: Line with 2 vertices was successfully imported.
            Event: Line with 2 vertices was successfully imported.
            Event: Line with 2 vertices was successfully imported.
            Event: Line with 2 vertices was successfully imported.
            Event: Line with 2 vertices was successfully imported.
            Event: Line with 2 vertices was successfully imported.
            Event: Line with 2 vertices was successfully imported.
            Event: Line with 2 vertices was successfully imported.
            Event: Line with 2 vertices was successfully imported.
            Event: Pad 1 on [-6,29,-5,08] was successfully imported.
            Event: Pad 2 on [7,56,-2,54] was successfully imported.
            Event: Pad Un1 on [-2,54,5,08] was successfully imported.
            Event: Pad Un2 on [3,81,2,54] was successfully imported.
            Event: Pad 2 on [2,54,-5,08] was successfully imported.
            Event: Pad 1 on [-3,81,-2,54] was successfully imported.
            Event: Pad 1 on [-6,29,5,08] was successfully imported.
            Event: Pad Un3 on [-2,54,-5,08] was successfully imported.
            Event: Pad Un4 on [3,81,-2,54] was successfully imported.
            Event: Pad 2 on [2,54,5,08] was successfully imported.
            Event: Pad Un5 on [0,-0] was successfully imported.
            Event: Pad 1 on [-3,81,2,54] was successfully imported.
            Event: Pad 2 on [7,56,2,54] was successfully imported.
        EndSection
        Section : Component REF** importing.
            Event: Line with 2 vertices was successfully imported.
            Event: Line with 2 vertices was successfully imported.
            Event: Line with 2 vertices was successfully imported.
            Event: Line with 2 vertices was successfully imported.
            Event: Line with 2 vertices was successfully imported.
            Event: Line with 2 vertices was successfully imported.
            Event: Line with 2 vertices was successfully imported.
            Event: Line with 2 vertices was successfully imported.
            Event: Line with 2 vertices was successfully imported.
            Event: Line with 2 vertices was successfully imported.
            Event: Line with 2 vertices was successfully imported.
            Event: Line with 2 vertices was successfully imported.
            Event: Line with 2 vertices was successfully imported.
            Event: Line with 2 vertices was successfully imported.
            Event: Line with 2 vertices was successfully imported.
            Event: Line with 2 vertices was successfully imported.
            Event: Line with 1 vertices was successfully imported.
            Event: Line with 2 vertices was successfully imported.
            Event: Line with 1 vertices was successfully imported.
            Event: Line with 2 vertices was successfully imported.
            Event: Line with 2 vertices was successfully imported.
            Event: Line with 2 vertices was successfully imported.
            Event: Line with 2 vertices was successfully imported.
            Event: Line with 2 vertices was successfully imported.
            Event: Line with 2 vertices was successfully imported.
            Event: Line with 2 vertices was successfully imported.
            Event: Line with 1 vertices was successfully imported.
            Event: Line with 1 vertices was successfully imported.
            Event: Line with 2 vertices was successfully imported.
            Event: Line with 2 vertices was successfully imported.
            Event: Line with 2 vertices was successfully imported.
            Event: Line with 2 vertices was successfully imported.
            Event: Line with 2 vertices was successfully imported.
            Event: Line with 2 vertices was successfully imported.
            Event: Line with 2 vertices was successfully imported.
            Event: Line with 2 vertices was successfully imported.
            Event: Line with 2 vertices was successfully imported.
            Event: Line with 2 vertices was successfully imported.
            Event: Line with 2 vertices was successfully imported.
            Event: Text 'user %R' was successfully imported.
            Event: Text 'user %V' was successfully imported.
            Event: Pad 2 on [6,29,5,08] was successfully imported.
            Event: Pad Un1 on [2,54,5,08] was successfully imported.
            Event: Pad Un2 on [-3,81,2,54] was successfully imported.
            Event: Pad Un3 on [0,-0] was successfully imported.
            Event: Pad 1 on [-7,56,2,54] was successfully imported.
        EndSection
        Section : Component REF** importing.
            Event: Line with 2 vertices was successfully imported.
            Event: Line with 2 vertices was successfully imported.
            Event: Line with 2 vertices was successfully imported.
            Event: Line with 2 vertices was successfully imported.
            Event: Line with 2 vertices was successfully imported.
            Event: Line with 2 vertices was successfully imported.
            Event: Line with 2 vertices was successfully imported.
            Event: Line with 2 vertices was successfully imported.
            Event: Line with 2 vertices was successfully imported.
            Event: Line with 2 vertices was successfully imported.
            Event: Line with 2 vertices was successfully imported.
            Event: Line with 2 vertices was successfully imported.
            Event: Line with 2 vertices was successfully imported.
            Event: Line with 2 vertices was successfully imported.
            Event: Line with 2 vertices was successfully imported.
            Event: Line with 2 vertices was successfully imported.
            Event: Line with 2 vertices was successfully imported.
            Event: Line with 2 vertices was successfully imported.
            Event: Line with 2 vertices was successfully imported.
            Event: Line with 2 vertices was successfully imported.
            Event: Line with 2 vertices was successfully imported.
            Event: Line with 2 vertices was successfully imported.
            Event: Line with 2 vertices was successfully imported.
            Event: Line with 2 vertices was successfully imported.
            Event: Line with 1 vertices was successfully imported.
            Event: Line with 1 vertices was successfully imported.
            Event: Line with 2 vertices was successfully imported.
            Event: Line with 2 vertices was successfully imported.
            Event: Line with 2 vertices was successfully imported.
            Event: Line with 2 vertices was successfully imported.
            Event: Line with 2 vertices was successfully imported.
            Event: Line with 2 vertices was successfully imported.
            Event: Line with 2 vertices was successfully imported.
            Event: Line with 2 vertices was successfully imported.
            Event: Line with 1 vertices was successfully imported.
            Event: Line with 1 vertices was successfully imported.
            Event: Line with 2 vertices was successfully imported.
            Event: Line with 2 vertices was successfully imported.
            Event: Line with 2 vertices was successfully imported.
            Event: Line with 2 vertices was successfully imported.
            Event: Line with 2 vertices was successfully imported.
            Event: Line with 2 vertices was successfully imported.
            Event: Line with 2 vertices was successfully imported.
            Event: Line with 2 vertices was successfully imported.
            Event: Text 'user %R' was successfully imported.
            Event: Text 'user %V' was successfully imported.
            Event: Text 'user %R' was successfully imported.
            Event: Text 'user %R' was successfully imported.
            Event: Line with 1 vertices was successfully imported.
            Event: Line with 1 vertices was successfully imported.
            Event: Line with 2 vertices was successfully imported.
            Event: Line with 2 vertices was successfully imported.
            Event: Line with 2 vertices was successfully imported.
            Event: Line with 2 vertices was successfully imported.
            Event: Line with 2 vertices was successfully imported.
            Event: Line with 2 vertices was successfully imported.
            Event: Line with 2 vertices was successfully imported.
            Event: Line with 2 vertices was successfully imported.
            Event: Line with 2 vertices was successfully imported.
            Event: Line with 2 vertices was successfully imported.
            Event: Line with 2 vertices was successfully imported.
            Event: Line with 1 vertices was successfully imported.
            Event: Line with 1 vertices was successfully imported.
            Event: Line with 2 vertices was successfully imported.
            Event: Line with 2 vertices was successfully imported.
            Event: Line with 2 vertices was successfully imported.
            Event: Line with 2 vertices was successfully imported.
            Event: Line with 2 vertices was successfully imported.
            Event: Line with 2 vertices was successfully imported.
            Event: Line with 2 vertices was successfully imported.
            Event: Line with 2 vertices was successfully imported.
            Event: Line with 2 vertices was successfully imported.
            Event: Line with 2 vertices was successfully imported.
            Event: Line with 2 vertices was successfully imported.
            Event: Line with 2 vertices was successfully imported.
            Event: Line with 2 vertices was successfully imported.
            Event: Line with 2 vertices was successfully imported.
            Event: Line with 2 vertices was successfully imported.
            Event: Pad 2 on [-7,56,2,54] was successfully imported.
            Event: Pad 1 on [6,29,5,08] was successfully imported.
            Event: Pad Un1 on [-3,81,-2,54] was successfully imported.
            Event: Pad Un2 on [2,54,-5,08] was successfully imported.
            Event: Pad 1 on [6,29,-5,08] was successfully imported.
            Event: Pad Un3 on [2,54,5,08] was successfully imported.
            Event: Pad Un4 on [-3,81,2,54] was successfully imported.
            Event: Pad Un5 on [0,-0] was successfully imported.
            Event: Pad Un6 on [5,08,-0] was successfully imported.
            Event: Pad Un7 on [-5,08,-0] was successfully imported.
            Event: Pad 2 on [-7,56,-2,54] was successfully imported.
        EndSection
        Section : Component REF** importing.
            Event: Line with 2 vertices was successfully imported.
            Event: Line with 2 vertices was successfully imported.
            Event: Line with 2 vertices was successfully imported.
            Event: Line with 2 vertices was successfully imported.
            Event: Line with 2 vertices was successfully imported.
            Event: Line with 2 vertices was successfully imported.
            Event: Line with 2 vertices was successfully imported.
            Event: Line with 2 vertices was successfully imported.
            Event: Line with 2 vertices was successfully imported.
            Event: Line with 2 vertices was successfully imported.
            Event: Line with 2 vertices was successfully imported.
            Event: Line with 2 vertices was successfully imported.
            Event: Line with 2 vertices was successfully imported.
            Event: Line with 2 vertices was successfully imported.
            Event: Line with 2 vertices was successfully imported.
            Event: Line with 2 vertices was successfully imported.
            Event: Line with 2 vertices was successfully imported.
            Event: Line with 2 vertices was successfully imported.
            Event: Line with 2 vertices was successfully imported.
            Event: Line with 2 vertices was successfully imported.
            Event: Line with 2 vertices was successfully imported.
            Event: Line with 2 vertices was successfully imported.
            Event: Line with 2 vertices was successfully imported.
            Event: Line with 2 vertices was successfully imported.
            Event: Line with 1 vertices was successfully imported.
            Event: Line with 1 vertices was successfully imported.
            Event: Line with 2 vertices was successfully imported.
            Event: Line with 2 vertices was successfully imported.
            Event: Line with 2 vertices was successfully imported.
            Event: Line with 2 vertices was successfully imported.
            Event: Line with 2 vertices was successfully imported.
            Event: Line with 2 vertices was successfully imported.
            Event: Line with 2 vertices was successfully imported.
            Event: Line with 2 vertices was successfully imported.
            Event: Line with 1 vertices was successfully imported.
            Event: Line with 1 vertices was successfully imported.
            Event: Line with 2 vertices was successfully imported.
            Event: Line with 2 vertices was successfully imported.
            Event: Line with 2 vertices was successfully imported.
            Event: Line with 2 vertices was successfully imported.
            Event: Line with 2 vertices was successfully imported.
            Event: Line with 2 vertices was successfully imported.
            Event: Line with 2 vertices was successfully imported.
            Event: Line with 2 vertices was successfully imported.
            Event: Text 'user %R' was successfully imported.
            Event: Text 'user %V' was successfully imported.
            Event: Text 'user %R' was successfully imported.
            Event: Text 'user %R' was successfully imported.
            Event: Line with 1 vertices was successfully imported.
            Event: Line with 1 vertices was successfully imported.
            Event: Line with 2 vertices was successfully imported.
            Event: Line with 2 vertices was successfully imported.
            Event: Line with 2 vertices was successfully imported.
            Event: Line with 2 vertices was successfully imported.
            Event: Line with 2 vertices was successfully imported.
            Event: Line with 2 vertices was successfully imported.
            Event: Line with 2 vertices was successfully imported.
            Event: Line with 2 vertices was successfully imported.
            Event: Line with 2 vertices was successfully imported.
            Event: Line with 2 vertices was successfully imported.
            Event: Line with 2 vertices was successfully imported.
            Event: Line with 1 vertices was successfully imported.
            Event: Line with 1 vertices was successfully imported.
            Event: Line with 2 vertices was successfully imported.
            Event: Line with 2 vertices was successfully imported.
            Event: Line with 2 vertices was successfully imported.
            Event: Line with 2 vertices was successfully imported.
            Event: Line with 2 vertices was successfully imported.
            Event: Line with 2 vertices was successfully imported.
            Event: Line with 2 vertices was successfully imported.
            Event: Line with 2 vertices was successfully imported.
            Event: Line with 2 vertices was successfully imported.
            Event: Line with 2 vertices was successfully imported.
            Event: Line with 2 vertices was successfully imported.
            Event: Line with 2 vertices was successfully imported.
            Event: Line with 2 vertices was successfully imported.
            Event: Line with 2 vertices was successfully imported.
            Event: Line with 2 vertices was successfully imported.
            Event: Pad 2 on [-7,56,2,54] was successfully imported.
            Event: Pad 1 on [6,29,5,08] was successfully imported.
            Event: Pad Un1 on [-3,81,-2,54] was successfully imported.
            Event: Pad Un2 on [2,54,-5,08] was successfully imported.
            Event: Pad 1 on [6,29,-5,08] was successfully imported.
            Event: Pad Un3 on [2,54,5,08] was successfully imported.
            Event: Pad Un4 on [-3,81,2,54] was successfully imported.
            Event: Pad Un5 on [0,-0] was successfully imported.
            Event: Pad 2 on [-7,56,-2,54] was successfully imported.
        EndSection
        Section : Component REF** importing.
            Event: Line with 2 vertices was successfully imported.
            Event: Line with 2 vertices was successfully imported.
            Event: Line with 2 vertices was successfully imported.
            Event: Line with 2 vertices was successfully imported.
            Event: Line with 2 vertices was successfully imported.
            Event: Line with 2 vertices was successfully imported.
            Event: Line with 2 vertices was successfully imported.
            Event: Line with 2 vertices was successfully imported.
            Event: Line with 2 vertices was successfully imported.
            Event: Line with 2 vertices was successfully imported.
            Event: Line with 2 vertices was successfully imported.
            Event: Line with 2 vertices was successfully imported.
            Event: Line with 2 vertices was successfully imported.
            Event: Line with 2 vertices was successfully imported.
            Event: Line with 2 vertices was successfully imported.
            Event: Line with 2 vertices was successfully imported.
            Event: Line with 2 vertices was successfully imported.
            Event: Line with 2 vertices was successfully imported.
            Event: Line with 2 vertices was successfully imported.
            Event: Line with 2 vertices was successfully imported.
            Event: Line with 2 vertices was successfully imported.
            Event: Line with 2 vertices was successfully imported.
            Event: Line with 1 vertices was successfully imported.
            Event: Line with 2 vertices was successfully imported.
            Event: Line with 2 vertices was successfully imported.
            Event: Line with 2 vertices was successfully imported.
            Event: Line with 2 vertices was successfully imported.
            Event: Line with 2 vertices was successfully imported.
            Event: Line with 2 vertices was successfully imported.
            Event: Line with 1 vertices was successfully imported.
            Event: Line with 2 vertices was successfully imported.
            Event: Line with 2 vertices was successfully imported.
            Event: Line with 2 vertices was successfully imported.
            Event: Line with 2 vertices was successfully imported.
            Event: Text 'user %V' was successfully imported.
            Event: Text 'user %R' was successfully imported.
            Event: Line with 1 vertices was successfully imported.
            Event: Line with 2 vertices was successfully imported.
            Event: Line with 2 vertices was successfully imported.
            Event: Line with 2 vertices was successfully imported.
            Event: Line with 2 vertices was successfully imported.
            Event: Line with 2 vertices was successfully imported.
            Event: Line with 2 vertices was successfully imported.
            Event: Line with 2 vertices was successfully imported.
            Event: Line with 1 vertices was successfully imported.
            Event: Line with 2 vertices was successfully imported.
            Event: Line with 2 vertices was successfully imported.
            Event: Line with 2 vertices was successfully imported.
            Event: Line with 2 vertices was successfully imported.
            Event: Line with 2 vertices was successfully imported.
            Event: Line with 2 vertices was successfully imported.
            Event: Line with 2 vertices was successfully imported.
            Event: Line with 2 vertices was successfully imported.
            Event: Line with 2 vertices was successfully imported.
            Event: Line with 2 vertices was successfully imported.
            Event: Pad Un1 on [5,22,4,2] was successfully imported.
            Event: Pad 2 on [-8,275,-3,75] was successfully imported.
            Event: Pad Un2 on [0,-5,95] was successfully imported.
            Event: Pad Un3 on [0,-0] was successfully imported.
            Event: Pad Un4 on [-5,-3,75] was successfully imported.
            Event: Pad 1 on [3,275,-5,95] was successfully imported.
            Event: Pad Un5 on [5,5,-0] was successfully imported.
            Event: Pad Un6 on [-5,5,-0] was successfully imported.
        EndSection
        Section : Component REF** importing.
            Event: Line with 2 vertices was successfully imported.
            Event: Line with 2 vertices was successfully imported.
            Event: Line with 2 vertices was successfully imported.
            Event: Line with 2 vertices was successfully imported.
            Event: Line with 2 vertices was successfully imported.
            Event: Line with 2 vertices was successfully imported.
            Event: Line with 2 vertices was successfully imported.
            Event: Line with 2 vertices was successfully imported.
            Event: Line with 2 vertices was successfully imported.
            Event: Line with 2 vertices was successfully imported.
            Event: Line with 2 vertices was successfully imported.
            Event: Line with 2 vertices was successfully imported.
            Event: Line with 2 vertices was successfully imported.
            Event: Line with 2 vertices was successfully imported.
            Event: Line with 2 vertices was successfully imported.
            Event: Line with 2 vertices was successfully imported.
            Event: Line with 2 vertices was successfully imported.
            Event: Line with 2 vertices was successfully imported.
            Event: Line with 2 vertices was successfully imported.
            Event: Line with 2 vertices was successfully imported.
            Event: Line with 2 vertices was successfully imported.
            Event: Line with 1 vertices was successfully imported.
            Event: Line with 2 vertices was successfully imported.
            Event: Line with 2 vertices was successfully imported.
            Event: Line with 2 vertices was successfully imported.
            Event: Line with 2 vertices was successfully imported.
            Event: Line with 2 vertices was successfully imported.
            Event: Line with 2 vertices was successfully imported.
            Event: Line with 2 vertices was successfully imported.
            Event: Line with 2 vertices was successfully imported.
            Event: Line with 1 vertices was successfully imported.
            Event: Line with 2 vertices was successfully imported.
            Event: Line with 2 vertices was successfully imported.
            Event: Line with 2 vertices was successfully imported.
            Event: Line with 2 vertices was successfully imported.
            Event: Line with 2 vertices was successfully imported.
            Event: Line with 2 vertices was successfully imported.
            Event: Line with 2 vertices was successfully imported.
            Event: Line with 2 vertices was successfully imported.
            Event: Line with 2 vertices was successfully imported.
            Event: Line with 2 vertices was successfully imported.
            Event: Line with 1 vertices was successfully imported.
            Event: Line with 2 vertices was successfully imported.
            Event: Line with 2 vertices was successfully imported.
            Event: Line with 2 vertices was successfully imported.
            Event: Line with 2 vertices was successfully imported.
            Event: Line with 2 vertices was successfully imported.
            Event: Line with 2 vertices was successfully imported.
            Event: Line with 2 vertices was successfully imported.
            Event: Line with 1 vertices was successfully imported.
            Event: Line with 2 vertices was successfully imported.
            Event: Line with 2 vertices was successfully imported.
            Event: Text 'user %R' was successfully imported.
            Event: Text 'user %R' was successfully imported.
            Event: Text 'user %V' was successfully imported.
            Event: Text 'user %R' was successfully imported.
            Event: Pad 2 on [8,275,3,75] was successfully imported.
            Event: Pad Un1 on [0,5,95] was successfully imported.
            Event: Pad 1 on [0,-5,9] was successfully imported.
            Event: Pad 2 on [-5,-3,8] was successfully imported.
            Event: Pad Un2 on [0,-0] was successfully imported.
            Event: Pad Un3 on [5,3,75] was successfully imported.
            Event: Pad 1 on [-3,275,5,95] was successfully imported.
            Event: Pad Un4 on [5,5,-0] was successfully imported.
            Event: Pad Un5 on [-5,5,-0] was successfully imported.
        EndSection
        Section : Component REF** importing.
            Event: Line with 2 vertices was successfully imported.
            Event: Line with 2 vertices was successfully imported.
            Event: Line with 2 vertices was successfully imported.
            Event: Line with 2 vertices was successfully imported.
            Event: Line with 2 vertices was successfully imported.
            Event: Line with 2 vertices was successfully imported.
            Event: Line with 2 vertices was successfully imported.
            Event: Line with 2 vertices was successfully imported.
            Event: Line with 2 vertices was successfully imported.
            Event: Line with 2 vertices was successfully imported.
            Event: Line with 2 vertices was successfully imported.
            Event: Line with 2 vertices was successfully imported.
            Event: Line with 2 vertices was successfully imported.
            Event: Line with 2 vertices was successfully imported.
            Event: Line with 2 vertices was successfully imported.
            Event: Line with 2 vertices was successfully imported.
            Event: Line with 2 vertices was successfully imported.
            Event: Line with 2 vertices was successfully imported.
            Event: Line with 2 vertices was successfully imported.
            Event: Line with 2 vertices was successfully imported.
            Event: Line with 2 vertices was successfully imported.
            Event: Line with 2 vertices was successfully imported.
            Event: Line with 2 vertices was successfully imported.
            Event: Line with 2 vertices was successfully imported.
            Event: Line with 2 vertices was successfully imported.
            Event: Line with 2 vertices was successfully imported.
            Event: Line with 2 vertices was successfully imported.
            Event: Line with 2 vertices was successfully imported.
            Event: Line with 2 vertices was successfully imported.
            Event: Line with 1 vertices was successfully imported.
            Event: Line with 2 vertices was successfully imported.
            Event: Line with 2 vertices was successfully imported.
            Event: Line with 2 vertices was successfully imported.
            Event: Line with 2 vertices was successfully imported.
            Event: Line with 2 vertices was successfully imported.
            Event: Line with 2 vertices was successfully imported.
            Event: Line with 2 vertices was successfully imported.
            Event: Line with 2 vertices was successfully imported.
            Event: Line with 1 vertices was successfully imported.
            Event: Line with 2 vertices was successfully imported.
            Event: Line with 2 vertices was successfully imported.
            Event: Line with 2 vertices was successfully imported.
            Event: Line with 1 vertices was successfully imported.
            Event: Line with 2 vertices was successfully imported.
            Event: Line with 2 vertices was successfully imported.
            Event: Line with 2 vertices was successfully imported.
            Event: Line with 2 vertices was successfully imported.
            Event: Line with 2 vertices was successfully imported.
            Event: Line with 2 vertices was successfully imported.
            Event: Line with 2 vertices was successfully imported.
            Event: Line with 2 vertices was successfully imported.
            Event: Line with 1 vertices was successfully imported.
            Event: Line with 2 vertices was successfully imported.
            Event: Line with 2 vertices was successfully imported.
            Event: Line with 2 vertices was successfully imported.
            Event: Line with 2 vertices was successfully imported.
            Event: Line with 2 vertices was successfully imported.
            Event: Line with 2 vertices was successfully imported.
            Event: Line with 2 vertices was successfully imported.
            Event: Line with 2 vertices was successfully imported.
            Event: Line with 2 vertices was successfully imported.
            Event: Line with 2 vertices was successfully imported.
            Event: Line with 1 vertices was successfully imported.
            Event: Line with 2 vertices was successfully imported.
            Event: Line with 2 vertices was successfully imported.
            Event: Line with 2 vertices was successfully imported.
            Event: Line with 2 vertices was successfully imported.
            Event: Line with 2 vertices was successfully imported.
            Event: Line with 2 vertices was successfully imported.
            Event: Line with 2 vertices was successfully imported.
            Event: Line with 1 vertices was successfully imported.
            Event: Line with 2 vertices was successfully imported.
            Event: Line with 2 vertices was successfully imported.
            Event: Text 'user %R' was successfully imported.
            Event: Line with 2 vertices was successfully imported.
            Event: Line with 2 vertices was successfully imported.
            Event: Line with 2 vertices was successfully imported.
            Event: Line with 2 vertices was successfully imported.
            Event: Line with 2 vertices was successfully imported.
            Event: Line with 2 vertices was successfully imported.
            Event: Line with 2 vertices was successfully imported.
            Event: Line with 2 vertices was successfully imported.
            Event: Line with 1 vertices was successfully imported.
            Event: Line with 2 vertices was successfully imported.
            Event: Line with 2 vertices was successfully imported.
            Event: Line with 2 vertices was successfully imported.
            Event: Line with 2 vertices was successfully imported.
            Event: Line with 2 vertices was successfully imported.
            Event: Line with 2 vertices was successfully imported.
            Event: Line with 2 vertices was successfully imported.
            Event: Line with 1 vertices was successfully imported.
            Event: Line with 2 vertices was successfully imported.
            Event: Line with 2 vertices was successfully imported.
            Event: Text 'user %R' was successfully imported.
            Event: Text 'user %R' was successfully imported.
            Event: Text 'user %V' was successfully imported.
            Event: Line with 2 vertices was successfully imported.
            Event: Line with 2 vertices was successfully imported.
            Event: Line with 2 vertices was successfully imported.
            Event: Line with 2 vertices was successfully imported.
            Event: Pad 2 on [-5,-3,8] was successfully imported.
            Event: Pad 2 on [8,275,3,75] was successfully imported.
            Event: Pad 1 on [-3,275,5,95] was successfully imported.
            Event: Pad Un1 on [5,3,75] was successfully imported.
            Event: Pad 2 on [-8,275,3,75] was successfully imported.
            Event: Pad Un2 on [0,5,95] was successfully imported.
            Event: Pad 1 on [0,-5,9] was successfully imported.
            Event: Pad 2 on [5,-3,8] was successfully imported.
            Event: Pad Un3 on [0,-0] was successfully imported.
            Event: Pad Un4 on [-5,3,75] was successfully imported.
            Event: Pad 1 on [3,275,5,95] was successfully imported.
            Event: Pad Un5 on [5,5,-0] was successfully imported.
            Event: Pad Un6 on [-5,5,-0] was successfully imported.
        EndSection
        Section : Component REF** importing.
            Event: Line with 2 vertices was successfully imported.
            Event: Line with 2 vertices was successfully imported.
            Event: Line with 2 vertices was successfully imported.
            Event: Line with 2 vertices was successfully imported.
            Event: Line with 2 vertices was successfully imported.
            Event: Line with 2 vertices was successfully imported.
            Event: Line with 2 vertices was successfully imported.
            Event: Line with 2 vertices was successfully imported.
            Event: Line with 2 vertices was successfully imported.
            Event: Line with 2 vertices was successfully imported.
            Event: Line with 2 vertices was successfully imported.
            Event: Line with 2 vertices was successfully imported.
            Event: Line with 2 vertices was successfully imported.
            Event: Line with 2 vertices was successfully imported.
            Event: Line with 2 vertices was successfully imported.
            Event: Line with 2 vertices was successfully imported.
            Event: Line with 2 vertices was successfully imported.
            Event: Line with 2 vertices was successfully imported.
            Event: Line with 2 vertices was successfully imported.
            Event: Line with 2 vertices was successfully imported.
            Event: Line with 2 vertices was successfully imported.
            Event: Line with 2 vertices was successfully imported.
            Event: Line with 2 vertices was successfully imported.
            Event: Line with 2 vertices was successfully imported.
            Event: Line with 2 vertices was successfully imported.
            Event: Line with 2 vertices was successfully imported.
            Event: Line with 2 vertices was successfully imported.
            Event: Line with 2 vertices was successfully imported.
            Event: Line with 2 vertices was successfully imported.
            Event: Line with 1 vertices was successfully imported.
            Event: Line with 2 vertices was successfully imported.
            Event: Line with 2 vertices was successfully imported.
            Event: Line with 2 vertices was successfully imported.
            Event: Line with 2 vertices was successfully imported.
            Event: Line with 2 vertices was successfully imported.
            Event: Line with 2 vertices was successfully imported.
            Event: Line with 2 vertices was successfully imported.
            Event: Line with 2 vertices was successfully imported.
            Event: Line with 1 vertices was successfully imported.
            Event: Line with 2 vertices was successfully imported.
            Event: Line with 2 vertices was successfully imported.
            Event: Line with 2 vertices was successfully imported.
            Event: Line with 1 vertices was successfully imported.
            Event: Line with 2 vertices was successfully imported.
            Event: Line with 2 vertices was successfully imported.
            Event: Line with 2 vertices was successfully imported.
            Event: Line with 2 vertices was successfully imported.
            Event: Line with 2 vertices was successfully imported.
            Event: Line with 2 vertices was successfully imported.
            Event: Line with 2 vertices was successfully imported.
            Event: Line with 2 vertices was successfully imported.
            Event: Line with 1 vertices was successfully imported.
            Event: Line with 2 vertices was successfully imported.
            Event: Line with 2 vertices was successfully imported.
            Event: Line with 2 vertices was successfully imported.
            Event: Line with 2 vertices was successfully imported.
            Event: Line with 2 vertices was successfully imported.
            Event: Line with 2 vertices was successfully imported.
            Event: Line with 2 vertices was successfully imported.
            Event: Line with 2 vertices was successfully imported.
            Event: Line with 2 vertices was successfully imported.
            Event: Line with 2 vertices was successfully imported.
            Event: Line with 1 vertices was successfully imported.
            Event: Line with 2 vertices was successfully imported.
            Event: Line with 2 vertices was successfully imported.
            Event: Line with 2 vertices was successfully imported.
            Event: Line with 2 vertices was successfully imported.
            Event: Line with 2 vertices was successfully imported.
            Event: Line with 2 vertices was successfully imported.
            Event: Line with 2 vertices was successfully imported.
            Event: Line with 1 vertices was successfully imported.
            Event: Line with 2 vertices was successfully imported.
            Event: Line with 2 vertices was successfully imported.
            Event: Text 'user %R' was successfully imported.
            Event: Line with 2 vertices was successfully imported.
            Event: Line with 2 vertices was successfully imported.
            Event: Line with 2 vertices was successfully imported.
            Event: Line with 2 vertices was successfully imported.
            Event: Line with 2 vertices was successfully imported.
            Event: Line with 2 vertices was successfully imported.
            Event: Line with 2 vertices was successfully imported.
            Event: Line with 2 vertices was successfully imported.
            Event: Line with 1 vertices was successfully imported.
            Event: Line with 2 vertices was successfully imported.
            Event: Line with 2 vertices was successfully imported.
            Event: Line with 2 vertices was successfully imported.
            Event: Line with 2 vertices was successfully imported.
            Event: Line with 2 vertices was successfully imported.
            Event: Line with 2 vertices was successfully imported.
            Event: Line with 2 vertices was successfully imported.
            Event: Line with 1 vertices was successfully imported.
            Event: Line with 2 vertices was successfully imported.
            Event: Line with 2 vertices was successfully imported.
            Event: Text 'user %R' was successfully imported.
            Event: Text 'user %V' was successfully imported.
            Event: Text 'user %R' was successfully imported.
            Event: Line with 2 vertices was successfully imported.
            Event: Line with 2 vertices was successfully imported.
            Event: Line with 2 vertices was successfully imported.
            Event: Line with 2 vertices was successfully imported.
            Event: Pad Un1 on [5,22,4,2] was successfully imported.
            Event: Pad Un2 on [-5,22,4,2] was successfully imported.
            Event: Pad 2 on [-8,275,-3,75] was successfully imported.
            Event: Pad 1 on [3,275,-5,95] was successfully imported.
            Event: Pad Un3 on [-5,-3,75] was successfully imported.
            Event: Pad 2 on [8,275,-3,75] was successfully imported.
            Event: Pad Un4 on [0,-5,95] was successfully imported.
            Event: Pad Un5 on [0,-0] was successfully imported.
            Event: Pad Un6 on [5,-3,75] was successfully imported.
            Event: Pad 1 on [-3,275,-5,95] was successfully imported.
            Event: Pad Un7 on [5,5,-0] was successfully imported.
            Event: Pad Un8 on [-5,5,-0] was successfully imported.
        EndSection
        Section : Component REF** importing.
            Event: Rect was successfully imported.
            Event: Pad Un1 on [11,9,-8,255] was successfully imported.
            Event: Pad Un2 on [-11,9,-8,255] was successfully imported.
            Event: Pad Un3 on [11,9,6,985] was successfully imported.
            Event: Pad Un4 on [-11,9,6,985] was successfully imported.
        EndSection
        Section : Component REF** importing.
            Event: Line with 2 vertices was successfully imported.
            Event: Line with 2 vertices was successfully imported.
            Event: Line with 2 vertices was successfully imported.
            Event: Line with 2 vertices was successfully imported.
            Event: Line with 2 vertices was successfully imported.
            Event: Line with 2 vertices was successfully imported.
            Event: Line with 2 vertices was successfully imported.
            Event: Line with 2 vertices was successfully imported.
            Event: Line with 2 vertices was successfully imported.
            Event: Line with 2 vertices was successfully imported.
            Event: Line with 2 vertices was successfully imported.
            Event: Line with 2 vertices was successfully imported.
            Event: Line with 2 vertices was successfully imported.
            Event: Line with 2 vertices was successfully imported.
            Event: Line with 2 vertices was successfully imported.
            Event: Line with 2 vertices was successfully imported.
            Event: Text 'user %R' was successfully imported.
            Event: Pad 1 on [2,54,5,08] was successfully imported.
            Event: Pad Un1 on [0,-0] was successfully imported.
            Event: Pad 2 on [-3,81,2,54] was successfully imported.
            Event: Pad Un2 on [5,08,-0] was successfully imported.
            Event: Pad Un3 on [-5,08,-0] was successfully imported.
        EndSection
        Section : Component REF** importing.
            Event: Line with 2 vertices was successfully imported.
            Event: Line with 2 vertices was successfully imported.
            Event: Line with 2 vertices was successfully imported.
            Event: Line with 2 vertices was successfully imported.
            Event: Line with 2 vertices was successfully imported.
            Event: Line with 2 vertices was successfully imported.
            Event: Line with 2 vertices was successfully imported.
            Event: Line with 2 vertices was successfully imported.
            Event: Line with 2 vertices was successfully imported.
            Event: Line with 2 vertices was successfully imported.
            Event: Line with 2 vertices was successfully imported.
            Event: Line with 2 vertices was successfully imported.
            Event: Line with 2 vertices was successfully imported.
            Event: Line with 2 vertices was successfully imported.
            Event: Line with 2 vertices was successfully imported.
            Event: Line with 2 vertices was successfully imported.
            Event: Line with 2 vertices was successfully imported.
            Event: Line with 2 vertices was successfully imported.
            Event: Line with 2 vertices was successfully imported.
            Event: Line with 2 vertices was successfully imported.
            Event: Line with 2 vertices was successfully imported.
            Event: Line with 2 vertices was successfully imported.
            Event: Line with 2 vertices was successfully imported.
            Event: Line with 2 vertices was successfully imported.
            Event: Text 'user %R' was successfully imported.
            Event: Line with 2 vertices was successfully imported.
            Event: Line with 2 vertices was successfully imported.
            Event: Line with 2 vertices was successfully imported.
            Event: Line with 2 vertices was successfully imported.
            Event: Text 'user %V' was successfully imported.
            Event: Text 'user %R' was successfully imported.
            Event: Text 'user %R' was successfully imported.
            Event: Pad 2 on [3,81,2,54] was successfully imported.
            Event: Pad 1 on [-2,54,5,08] was successfully imported.
            Event: Pad 2 on [2,54,5,08] was successfully imported.
            Event: Pad Un1 on [0,-0] was successfully imported.
            Event: Pad 1 on [-3,81,2,54] was successfully imported.
            Event: Pad Un2 on [5,08,-0] was successfully imported.
            Event: Pad Un3 on [-5,08,-0] was successfully imported.
        EndSection
        Section : Component REF** importing.
            Event: Line with 2 vertices was successfully imported.
            Event: Line with 2 vertices was successfully imported.
            Event: Line with 2 vertices was successfully imported.
            Event: Line with 2 vertices was successfully imported.
            Event: Line with 2 vertices was successfully imported.
            Event: Line with 2 vertices was successfully imported.
            Event: Line with 2 vertices was successfully imported.
            Event: Line with 2 vertices was successfully imported.
            Event: Line with 2 vertices was successfully imported.
            Event: Line with 2 vertices was successfully imported.
            Event: Line with 2 vertices was successfully imported.
            Event: Line with 2 vertices was successfully imported.
            Event: Line with 2 vertices was successfully imported.
            Event: Line with 2 vertices was successfully imported.
            Event: Line with 2 vertices was successfully imported.
            Event: Line with 2 vertices was successfully imported.
            Event: Line with 2 vertices was successfully imported.
            Event: Line with 2 vertices was successfully imported.
            Event: Line with 2 vertices was successfully imported.
            Event: Line with 2 vertices was successfully imported.
            Event: Line with 2 vertices was successfully imported.
            Event: Line with 2 vertices was successfully imported.
            Event: Line with 2 vertices was successfully imported.
            Event: Line with 2 vertices was successfully imported.
            Event: Line with 2 vertices was successfully imported.
            Event: Line with 2 vertices was successfully imported.
            Event: Line with 2 vertices was successfully imported.
            Event: Line with 2 vertices was successfully imported.
            Event: Text 'user %V' was successfully imported.
            Event: Text 'user %R' was successfully imported.
            Event: Text 'user %R' was successfully imported.
            Event: Text 'user %R' was successfully imported.
            Event: Pad 2 on [3,81,2,54] was successfully imported.
            Event: Pad 1 on [-2,54,5,08] was successfully imported.
            Event: Pad 2 on [2,54,5,08] was successfully imported.
            Event: Pad Un1 on [0,-0] was successfully imported.
            Event: Pad 1 on [-3,81,2,54] was successfully imported.
        EndSection
        Section : Component REF** importing.
            Event: Line with 2 vertices was successfully imported.
            Event: Line with 2 vertices was successfully imported.
            Event: Line with 2 vertices was successfully imported.
            Event: Line with 2 vertices was successfully imported.
            Event: Line with 2 vertices was successfully imported.
            Event: Line with 2 vertices was successfully imported.
            Event: Line with 2 vertices was successfully imported.
            Event: Line with 2 vertices was successfully imported.
            Event: Line with 2 vertices was successfully imported.
            Event: Line with 2 vertices was successfully imported.
            Event: Line with 2 vertices was successfully imported.
            Event: Line with 2 vertices was successfully imported.
            Event: Line with 2 vertices was successfully imported.
            Event: Line with 2 vertices was successfully imported.
            Event: Line with 2 vertices was successfully imported.
            Event: Line with 2 vertices was successfully imported.
            Event: Line with 2 vertices was successfully imported.
            Event: Line with 2 vertices was successfully imported.
            Event: Line with 2 vertices was successfully imported.
            Event: Line with 2 vertices was successfully imported.
            Event: Text 'user %R' was successfully imported.
            Event: Pad Un1 on [0,-0] was successfully imported.
            Event: Pad 2 on [-5,-3,8] was successfully imported.
            Event: Pad 1 on [0,-5,9] was successfully imported.
            Event: Pad Un2 on [5,22,4,2] was successfully imported.
            Event: Pad Un3 on [5,5,-0] was successfully imported.
            Event: Pad Un4 on [-5,5,-0] was successfully imported.
        EndSection
        Section : Component REF** importing.
            Event: Line with 2 vertices was successfully imported.
            Event: Line with 2 vertices was successfully imported.
            Event: Line with 2 vertices was successfully imported.
            Event: Line with 2 vertices was successfully imported.
            Event: Line with 2 vertices was successfully imported.
            Event: Line with 2 vertices was successfully imported.
            Event: Line with 2 vertices was successfully imported.
            Event: Line with 2 vertices was successfully imported.
            Event: Line with 2 vertices was successfully imported.
            Event: Line with 2 vertices was successfully imported.
            Event: Line with 2 vertices was successfully imported.
            Event: Line with 2 vertices was successfully imported.
            Event: Line with 2 vertices was successfully imported.
            Event: Line with 2 vertices was successfully imported.
            Event: Line with 2 vertices was successfully imported.
            Event: Line with 2 vertices was successfully imported.
            Event: Line with 2 vertices was successfully imported.
            Event: Line with 2 vertices was successfully imported.
            Event: Line with 2 vertices was successfully imported.
            Event: Line with 2 vertices was successfully imported.
            Event: Line with 2 vertices was successfully imported.
            Event: Line with 2 vertices was successfully imported.
            Event: Line with 2 vertices was successfully imported.
            Event: Line with 2 vertices was successfully imported.
            Event: Line with 2 vertices was successfully imported.
            Event: Line with 2 vertices was successfully imported.
            Event: Line with 2 vertices was successfully imported.
            Event: Line with 2 vertices was successfully imported.
            Event: Text 'user %R' was successfully imported.
            Event: Text 'user %V' was successfully imported.
            Event: Line with 2 vertices was successfully imported.
            Event: Line with 2 vertices was successfully imported.
            Event: Line with 2 vertices was successfully imported.
            Event: Line with 2 vertices was successfully imported.
            Event: Text 'user %R' was successfully imported.
            Event: Text 'user %R' was successfully imported.
            Event: Pad Un1 on [-5,22,4,2] was successfully imported.
            Event: Pad 2 on [5,-3,8] was successfully imported.
            Event: Pad Un2 on [0,-0] was successfully imported.
            Event: Pad 2 on [-5,-3,8] was successfully imported.
            Event: Pad 1 on [0,-5,9] was successfully imported.
            Event: Pad Un3 on [5,22,4,2] was successfully imported.
            Event: Pad Un4 on [5,5,-0] was successfully imported.
            Event: Pad Un5 on [-5,5,-0] was successfully imported.
        EndSection
        Section : Component REF** importing.
            Event: Line with 2 vertices was successfully imported.
            Event: Line with 2 vertices was successfully imported.
            Event: Line with 2 vertices was successfully imported.
            Event: Line with 2 vertices was successfully imported.
            Event: Line with 2 vertices was successfully imported.
            Event: Line with 2 vertices was successfully imported.
            Event: Line with 2 vertices was successfully imported.
            Event: Line with 2 vertices was successfully imported.
            Event: Line with 2 vertices was successfully imported.
            Event: Line with 2 vertices was successfully imported.
            Event: Line with 2 vertices was successfully imported.
            Event: Line with 2 vertices was successfully imported.
            Event: Line with 2 vertices was successfully imported.
            Event: Line with 2 vertices was successfully imported.
            Event: Line with 2 vertices was successfully imported.
            Event: Line with 2 vertices was successfully imported.
            Event: Line with 2 vertices was successfully imported.
            Event: Line with 2 vertices was successfully imported.
            Event: Line with 2 vertices was successfully imported.
            Event: Line with 2 vertices was successfully imported.
            Event: Line with 2 vertices was successfully imported.
            Event: Line with 2 vertices was successfully imported.
            Event: Line with 2 vertices was successfully imported.
            Event: Line with 2 vertices was successfully imported.
            Event: Line with 2 vertices was successfully imported.
            Event: Line with 2 vertices was successfully imported.
            Event: Line with 2 vertices was successfully imported.
            Event: Line with 2 vertices was successfully imported.
            Event: Text 'user %R' was successfully imported.
            Event: Text 'user %V' was successfully imported.
            Event: Line with 2 vertices was successfully imported.
            Event: Line with 2 vertices was successfully imported.
            Event: Line with 2 vertices was successfully imported.
            Event: Line with 2 vertices was successfully imported.
            Event: Text 'user %R' was successfully imported.
            Event: Text 'user %R' was successfully imported.
            Event: Pad 1 on [-5,5,-0] was successfully imported.
            Event: Pad Un1 on [5,5,-0] was successfully imported.
            Event: Pad Un2 on [4,2,5,22] was successfully imported.
            Event: Pad Un3 on [-5,22,4,2] was successfully imported.
            Event: Pad Un4 on [4,2,-5,22] was successfully imported.
            Event: Pad 2 on [5,-3,8] was successfully imported.
            Event: Pad 2 on [-3,8,5] was successfully imported.
            Event: Pad 2 on [-3,8,-5] was successfully imported.
            Event: Pad Un5 on [0,-0] was successfully imported.
            Event: Pad 2 on [-5,-3,8] was successfully imported.
            Event: Pad Un6 on [5,22,4,2] was successfully imported.
            Event: Pad 1 on [0,-5,5] was successfully imported.
            Event: Pad Un7 on [0,5,5] was successfully imported.
        EndSection
    EndSection
